<?xml version="1.0" encoding="UTF-8"?>
<testsuites name="jest tests" tests="15" failures="0" errors="0" time="6.29">
  <testsuite name="GitHub items" errors="0" failures="0" skipped="0" timestamp="2024-02-25T22:51:16" time="3.818" tests="10">
    <testcase classname="GitHub items Get owner and repo values" name="GitHub items Get owner and repo values" time="0.002">
    </testcase>
    <testcase classname="GitHub items Throw error on missing owner or repo" name="GitHub items Throw error on missing owner or repo" time="0.004">
    </testcase>
    <testcase classname="GitHub items Get social media text" name="GitHub items Get social media text" time="0">
    </testcase>
    <testcase classname="GitHub items Get issue price label" name="GitHub items Get issue price label" time="0.001">
    </testcase>
    <testcase classname="GitHub items Get issue label value" name="GitHub items Get issue label value" time="0">
    </testcase>
    <testcase classname="GitHub items Get issue by label" name="GitHub items Get issue by label" time="0.001">
    </testcase>
    <testcase classname="GitHub items Get DevPool labels" name="GitHub items Get DevPool labels" time="0">
    </testcase>
    <testcase classname="GitHub items Get repo urls" name="GitHub items Get repo urls" time="0.012">
    </testcase>
    <testcase classname="GitHub items Get all issues" name="GitHub items Get all issues" time="0.003">
    </testcase>
    <testcase classname="GitHub items Close missing issues" name="GitHub items Close missing issues" time="0.006">
    </testcase>
  </testsuite>
  <testsuite name="Twitter" errors="0" failures="0" skipped="0" timestamp="2024-02-25T22:51:16" time="3.918" tests="3">
    <testcase classname="Twitter Throw on missing env" name="Twitter Throw on missing env" time="0.033">
    </testcase>
    <testcase classname="Twitter Post Tweet" name="Twitter Post Tweet" time="0.079">
    </testcase>
    <testcase classname="Twitter Fail to post Tweet" name="Twitter Fail to post Tweet" time="0.018">
    </testcase>
  </testsuite>
  <testsuite name="Devpool Updates" errors="0" failures="0" skipped="0" timestamp="2024-02-25T22:51:16" time="5.99" tests="2">
    <testcase classname="Devpool Updates Update DevPool issues" name="Devpool Updates Update DevPool issues" time="1.401">
    </testcase>
    <testcase classname="Devpool Updates Close DevPool issues with no price" name="Devpool Updates Close DevPool issues with no price" time="0.638">
    </testcase>
  </testsuite>
</testsuites>